Using src/app as the root directory for Expo Router.
React Compiler enabled
Starting Metro Bundler

| (node:95699) Warning: The 'NO_COLOR' env is ignored due to the 'FORCE_COLOR' env being set.
| (Use `node --trace-warnings ...` to show where the warning was created)
| (node:95699) Warning: The 'NO_COLOR' env is ignored due to the 'FORCE_COLOR' env being set.
| (Use `node --trace-warnings ...` to show where the warning was created)
| (node:95699) Warning: The 'NO_COLOR' env is ignored due to the 'FORCE_COLOR' env being set.
| (Use `node --trace-warnings ...` to show where the warning was created)
| (node:95699) Warning: The 'NO_COLOR' env is ignored due to the 'FORCE_COLOR' env being set.
| (Use `node --trace-warnings ...` to show where the warning was created)
Web Bundled 2294ms index.js (1795 modules)
Android Bundled 7677ms index.js (2378 modules)
iOS Bundled 12675ms index.js (2294 modules)

› Assets (101):
assets/images/brand-mark.6c84e7a2f84202fde65ba12ccf2ef6e1.png (1.1MB)
assets/images/brand-mark.png (1.1MB)
assets/onboarding/family-illustration.e69dab0a6b62e3145376c8c1ed84fe8c.png (4.8MB)
assets/onboarding/family-illustration.png (4.8MB)
assets/onboarding/reminders-reference.9996f5bb45a29c046e20d6c606d05a26.png (1.1MB)
assets/onboarding/reminders-reference.png (1.1MB)
assets/sounds/clear.35b3366b7e030f872005184c4a78bc99.wav (27KB)
assets/sounds/clear.wav (27KB)
assets/sounds/gentle.caa144ec05b106546b58d7455358a339.wav (16KB)
assets/sounds/gentle.wav (16KB)
node_modules/@expo-google-fonts/material-symbols/400Regular/MaterialSymbols_400Regular.ttf (967KB)
node_modules/@expo/vector-icons/build/vendor/react-native-vector-icons/Fonts/AntDesign.3f78af31cca60105799838a1a7a59fbd.ttf (130KB)
node_modules/@expo/vector-icons/build/vendor/react-native-vector-icons/Fonts/AntDesign.ttf (130KB)
node_modules/@expo/vector-icons/build/vendor/react-native-vector-icons/Fonts/Entypo.31b5ffea3daddc69dd01a1f3d6cf63c5.ttf (66KB)
node_modules/@expo/vector-icons/build/vendor/react-native-vector-icons/Fonts/Entypo.ttf (66KB)
node_modules/@expo/vector-icons/build/vendor/react-native-vector-icons/Fonts/EvilIcons.140c53a7643ea949007aa9a282153849.ttf (13KB)
node_modules/@expo/vector-icons/build/vendor/react-native-vector-icons/Fonts/EvilIcons.ttf (13KB)
node_modules/@expo/vector-icons/build/vendor/react-native-vector-icons/Fonts/Feather.ca4b48e04dc1ce10bfbddb262c8b835f.ttf (56KB)
node_modules/@expo/vector-icons/build/vendor/react-native-vector-icons/Fonts/Feather.ttf (56KB)
node_modules/@expo/vector-icons/build/vendor/react-native-vector-icons/Fonts/FontAwesome.b06871f281fee6b241d60582ae9369b9.ttf (166KB)
node_modules/@expo/vector-icons/build/vendor/react-native-vector-icons/Fonts/FontAwesome.ttf (166KB)
node_modules/@expo/vector-icons/build/vendor/react-native-vector-icons/Fonts/FontAwesome5_Brands.3b89dd103490708d19a95adcae52210e.ttf (134KB)
node_modules/@expo/vector-icons/build/vendor/react-native-vector-icons/Fonts/FontAwesome5_Brands.ttf (134KB)
node_modules/@expo/vector-icons/build/vendor/react-native-vector-icons/Fonts/FontAwesome5_Regular.1f77739ca9ff2188b539c36f30ffa2be.ttf (34KB)
node_modules/@expo/vector-icons/build/vendor/react-native-vector-icons/Fonts/FontAwesome5_Regular.ttf (34KB)
node_modules/@expo/vector-icons/build/vendor/react-native-vector-icons/Fonts/FontAwesome5_Solid.605ed7926cf39a2ad5ec2d1f9d391d3d.ttf (203KB)
node_modules/@expo/vector-icons/build/vendor/react-native-vector-icons/Fonts/FontAwesome5_Solid.ttf (203KB)
node_modules/@expo/vector-icons/build/vendor/react-native-vector-icons/Fonts/FontAwesome6_Brands.56c8d80832e37783f12c05db7c8849e2.ttf (209KB)
node_modules/@expo/vector-icons/build/vendor/react-native-vector-icons/Fonts/FontAwesome6_Brands.ttf (209KB)
node_modules/@expo/vector-icons/build/vendor/react-native-vector-icons/Fonts/FontAwesome6_Regular.370dd5af19f8364907b6e2c41f45dbbf.ttf (68KB)
node_modules/@expo/vector-icons/build/vendor/react-native-vector-icons/Fonts/FontAwesome6_Regular.ttf (68KB)
node_modules/@expo/vector-icons/build/vendor/react-native-vector-icons/Fonts/FontAwesome6_Solid.adec7d6f310bc577f05e8fe06a5daccf.ttf (424KB)
node_modules/@expo/vector-icons/build/vendor/react-native-vector-icons/Fonts/FontAwesome6_Solid.ttf (424KB)
node_modules/@expo/vector-icons/build/vendor/react-native-vector-icons/Fonts/Fontisto.b49ae8ab2dbccb02c4d11caaacf09eab.ttf (314KB)
node_modules/@expo/vector-icons/build/vendor/react-native-vector-icons/Fonts/Fontisto.ttf (314KB)
node_modules/@expo/vector-icons/build/vendor/react-native-vector-icons/Fonts/Foundation.e20945d7c929279ef7a6f1db184a4470.ttf (57KB)
node_modules/@expo/vector-icons/build/vendor/react-native-vector-icons/Fonts/Foundation.ttf (57KB)
node_modules/@expo/vector-icons/build/vendor/react-native-vector-icons/Fonts/Ionicons.b4eb097d35f44ed943676fd56f6bdc51.ttf (390KB)
node_modules/@expo/vector-icons/build/vendor/react-native-vector-icons/Fonts/Ionicons.ttf (390KB)
node_modules/@expo/vector-icons/build/vendor/react-native-vector-icons/Fonts/MaterialCommunityIcons.6e435534bd35da5fef04168860a9b8fa.ttf (1.3MB)
node_modules/@expo/vector-icons/build/vendor/react-native-vector-icons/Fonts/MaterialCommunityIcons.ttf (1.3MB)
node_modules/@expo/vector-icons/build/vendor/react-native-vector-icons/Fonts/MaterialIcons.4e85bc9ebe07e0340c9c4fc2f6c38908.ttf (357KB)
node_modules/@expo/vector-icons/build/vendor/react-native-vector-icons/Fonts/MaterialIcons.ttf (357KB)
node_modules/@expo/vector-icons/build/vendor/react-native-vector-icons/Fonts/Octicons.871378c6eab492a3e689a9385dc45a12.ttf (69KB)
node_modules/@expo/vector-icons/build/vendor/react-native-vector-icons/Fonts/Octicons.ttf (69KB)
node_modules/@expo/vector-icons/build/vendor/react-native-vector-icons/Fonts/SimpleLineIcons.d2285965fe34b05465047401b8595dd0.ttf (54KB)
node_modules/@expo/vector-icons/build/vendor/react-native-vector-icons/Fonts/SimpleLineIcons.ttf (54KB)
node_modules/@expo/vector-icons/build/vendor/react-native-vector-icons/Fonts/Zocial.1681f34aaca71b8dfb70756bca331eb2.ttf (26KB)
node_modules/@expo/vector-icons/build/vendor/react-native-vector-icons/Fonts/Zocial.ttf (26KB)
node_modules/expo-router/assets/arrow_down.017bc6ba3fc25503e5eb5e53826d48a8.png (9.5KB)
node_modules/expo-router/assets/arrow_down.png (9.5KB)
node_modules/expo-router/assets/arrow_right.xml (307B)
node_modules/expo-router/assets/checkmark.xml (312B)
node_modules/expo-router/assets/error.d1ea1496f9057eb392d5bbf3732a61b7.png (469B)
node_modules/expo-router/assets/error.png (469B)
node_modules/expo-router/assets/file.19eeb73b9593a38f8e9f418337fc7d10.png (138B)
node_modules/expo-router/assets/file.png (138B)
node_modules/expo-router/assets/forward.d8b800c443b8972542883e0b9de2bdc6.png (188B)
node_modules/expo-router/assets/forward.png (188B)
node_modules/expo-router/assets/pkg.ab19f4cbc543357183a20571f68380a3.png (364B)
node_modules/expo-router/assets/pkg.png (364B)
node_modules/expo-router/assets/react-navigation/elements/back-icon-mask.0a328cd9c1afd0afe8e3b1ec5165b1b4.png (653B)
node_modules/expo-router/assets/react-navigation/elements/back-icon-mask.png (653B)
node_modules/expo-router/assets/react-navigation/elements/back-icon.35ba0eaec5a4f5ed12ca16fabeae451d.png (207B)
node_modules/expo-router/assets/react-navigation/elements/back-icon.png (8 variations | 359B)
node_modules/expo-router/assets/react-navigation/elements/clear-icon.c94f6478e7ae0cdd9f15de1fcb9e5e55.png (4 variations | 425B)
node_modules/expo-router/assets/react-navigation/elements/clear-icon.png (4 variations | 425B)
node_modules/expo-router/assets/react-navigation/elements/close-icon.808e1b1b9b53114ec2838071a7e6daa7.png (4 variations | 235B)
node_modules/expo-router/assets/react-navigation/elements/close-icon.png (4 variations | 235B)
node_modules/expo-router/assets/react-navigation/elements/search-icon.286d67d3f74808a60a78d3ebf1a5fb57.png (928B)
node_modules/expo-router/assets/react-navigation/elements/search-icon.png (7 variations | 592B)
node_modules/expo-router/assets/sitemap.412dd9275b6b48ad28f5e3d81bb1f626.png (465B)
node_modules/expo-router/assets/sitemap.png (465B)
node_modules/expo-router/assets/unmatched.20e71bdf79e3a97bf55fd9e164041578.png (4.8KB)
node_modules/expo-router/assets/unmatched.png (4.8KB)
node_modules/expo-sqlite/web/wa-sqlite/wa-sqlite.7ca566fbbc2ec2a172c5aefa63a20f4b.wasm (621KB)

› web bundles (8):
_expo/static/css/web-2ae7d58626c5ccf78a03a60bad2e7fc6.css (19KB)
_expo/static/js/web/index-3297bee2f2ddc5248f704877db3ca785.js (3.4KB)
_expo/static/js/web/index-8501b8a7b75f72b04f5e0fd33a33aa6b.js (2.4KB)
_expo/static/js/web/index-940ae7c6868360b6a3d8a5859e8eb187.js (4.1KB)
_expo/static/js/web/index-b63a2c11c3687077073d983ae0e666cb.js (3MB)
_expo/static/js/web/index-bf3bb2f94c0d6211b123313b7bcdff68.js (24KB)
_expo/static/js/web/index-dfd1f33c1fb1b59e04673cb771e250ee.js (941KB)
_expo/static/js/web/worker-475ee96f52fe90603ec6b34f22e27cb3.js (133KB)

› android bundles (1):
_expo/static/js/android/index-c66fe5e89bc9150cc9a535960f829327.hbc (6.6MB)

› ios bundles (1):
_expo/static/js/ios/index-73c9f72a94fd2064aaaee32ae661dae4.hbc (6.4MB)

› Files (3):
favicon.ico (15KB)
index.html (1.4KB)
metadata.json (6.4KB)

Exported: /tmp/dosetracker-security-export
